[thiepcuoi.gowedding.com.vn/happy/no-slug/1018.html]
[backblue.gif]
[fade.gif]
[index.html]
[thiepcuoi.gowedding.com.vn/themes/theme1/css/animate.css]
[thiepcuoi.gowedding.com.vn/themes/theme1/css/bootstrap.min.css]
[thiepcuoi.gowedding.com.vn/themes/theme1/css/flaticon.css]
[thiepcuoi.gowedding.com.vn/themes/theme1/css/font-awesome.min.css]
[thiepcuoi.gowedding.com.vn/themes/theme1/css/jquery-ui.css]
[thiepcuoi.gowedding.com.vn/themes/theme1/css/jquery.fancybox.css]
[thiepcuoi.gowedding.com.vn/themes/theme1/css/magnific-popup.css]
[thiepcuoi.gowedding.com.vn/themes/theme1/css/nice-select.css]
[thiepcuoi.gowedding.com.vn/themes/theme1/css/odometer-theme-default.css]
[thiepcuoi.gowedding.com.vn/themes/theme1/css/owl.carousel.css]
[thiepcuoi.gowedding.com.vn/themes/theme1/css/owl.theme.css]
[thiepcuoi.gowedding.com.vn/themes/theme1/css/owl.transitions.css]
[thiepcuoi.gowedding.com.vn/themes/theme1/css/slick-theme.css]
[thiepcuoi.gowedding.com.vn/themes/theme1/css/slick.css]
[thiepcuoi.gowedding.com.vn/themes/theme1/css/style.css]
[thiepcuoi.gowedding.com.vn/themes/theme1/css/swiper.min.css]
[thiepcuoi.gowedding.com.vn/themes/theme1/css/themify-icons.css]
[thiepcuoi.gowedding.com.vn/statics/crop/croppie.css]
[thiepcuoi.gowedding.com.vn/themes/theme1/images/shape5.png]
[thiepcuoi.gowedding.com.vn/themes/theme1/images/shape6.png]
[thiepcuoi.gowedding.com.vn/customers/1016/1018/1711914354_coupleImage17119143545793.jpg]
[thiepcuoi.gowedding.com.vn/themes/theme1/images/pattern_tron.jpg]
[thiepcuoi.gowedding.com.vn/themes/theme1/images/shape.png]
[thiepcuoi.gowedding.com.vn/customers/1016/1018/1711914355_storyImage117119143551821.jpg]
[thiepcuoi.gowedding.com.vn/customers/1016/1018/1711914356_storyImage217119143561968.jpg]
[thiepcuoi.gowedding.com.vn/customers/1016/1018/1711914357_storyImage317119143576482.jpg]
[thiepcuoi.gowedding.com.vn/customers/1016/1018/1711914358_gallery_117119143583920.jpg]
[thiepcuoi.gowedding.com.vn/customers/1016/1018/1711914365_gallery_417119143659017.jpg]
[thiepcuoi.gowedding.com.vn/customers/1016/1018/1711914364_gallery_717119143643570.jpg]
[thiepcuoi.gowedding.com.vn/customers/1016/1018/1711914362_gallery_9171191436263.jpg]
[thiepcuoi.gowedding.com.vn/customers/1016/1018/1711914359_gallery_11171191435978.jpg]
[thiepcuoi.gowedding.com.vn/customers/1016/1018/1711914360_gallery_141711914360852.jpg]
[thiepcuoi.gowedding.com.vn/customers/1016/1018/1711914361_gallery_1517119143614851.jpg]
[thiepcuoi.gowedding.com.vn/customers/1016/1018/1711914361_gallery_1617119143619431.jpg]
[thiepcuoi.gowedding.com.vn/customers/1016/1018/1711914359_gallery_1717119143594748.jpg]
[thiepcuoi.gowedding.com.vn/themes/theme1/images/couple-form.png]
[thiepcuoi.gowedding.com.vn/customers/1016/1018/1711914362_bankImage117119143622022.jpg]
[thiepcuoi.gowedding.com.vn/qr-code.png]
[thiepcuoi.gowedding.com.vn/customers/1016/1018/1711914363_eventImage117119143634575.jpg]
[thiepcuoi.gowedding.com.vn/customers/1016/1018/1711914363_eventImage217119143631815.jpg]
[thiepcuoi.gowedding.com.vn/customers/1016/1018/1711914365_eventImage317119143657773.jpg]
[thiepcuoi.gowedding.com.vn/statics/default/image/ring-icon-banner.png]
[thiepcuoi.gowedding.com.vn/happy/no-slug/1018.html]
[thiepcuoi.gowedding.com.vn/themes/theme1/css/animate.css]
[thiepcuoi.gowedding.com.vn/themes/theme1/css/bootstrap.min.css]
[thiepcuoi.gowedding.com.vn/themes/theme1/css/flaticon.css]
[thiepcuoi.gowedding.com.vn/themes/theme1/css/font-awesome.min.css]
[thiepcuoi.gowedding.com.vn/themes/theme1/css/jquery-ui.css]
[thiepcuoi.gowedding.com.vn/themes/theme1/css/jquery.fancybox.css]
[thiepcuoi.gowedding.com.vn/themes/theme1/css/magnific-popup.css]
[thiepcuoi.gowedding.com.vn/themes/theme1/css/nice-select.css]
[thiepcuoi.gowedding.com.vn/themes/theme1/css/odometer-theme-default.css]
[thiepcuoi.gowedding.com.vn/themes/theme1/css/owl.carousel.css]
[thiepcuoi.gowedding.com.vn/themes/theme1/css/owl.theme.css]
[thiepcuoi.gowedding.com.vn/themes/theme1/css/owl.transitions.css]
[thiepcuoi.gowedding.com.vn/themes/theme1/css/slick-theme.css]
[thiepcuoi.gowedding.com.vn/themes/theme1/css/slick.css]
[thiepcuoi.gowedding.com.vn/themes/theme1/images/select-icon2.png]
[thiepcuoi.gowedding.com.vn/themes/theme1/css/style.css]
[thiepcuoi.gowedding.com.vn/themes/theme1/css/swiper.min.css]
[thiepcuoi.gowedding.com.vn/themes/theme1/css/themify-icons.css]
[thiepcuoi.gowedding.com.vn/statics/crop/croppie.css]
[thiepcuoi.gowedding.com.vn/themes/theme1/js/a_jquery.min.js]
[thiepcuoi.gowedding.com.vn/themes/theme1/js/audio.js]
[thiepcuoi.gowedding.com.vn/themes/theme1/js/bootstrap.bundle.min.js]
[thiepcuoi.gowedding.com.vn/themes/theme1/js/c_modernizr.custom.js]
[thiepcuoi.gowedding.com.vn/themes/theme1/js/d_moving-animation.js]
[thiepcuoi.gowedding.com.vn/themes/theme1/js/jquery-plugin-collection.js]
[thiepcuoi.gowedding.com.vn/themes/theme1/js/script.js]
[thiepcuoi.gowedding.com.vn/statics/crop/croppie.js]
[thiepcuoi.gowedding.com.vn/statics/crop/jquery-cropper.js]
[thiepcuoi.gowedding.com.vn/statics/page-theme/js/form-submit.js]
[thiepcuoi.gowedding.com.vn/themes/theme1/images/ui-icons_444444_256x240.html]
[thiepcuoi.gowedding.com.vn/themes/theme1/images/ui-icons_555555_256x240.html]
[thiepcuoi.gowedding.com.vn/themes/theme1/images/ui-icons_ffffff_256x240.html]
[thiepcuoi.gowedding.com.vn/themes/theme1/images/ui-icons_777620_256x240.html]
[thiepcuoi.gowedding.com.vn/themes/theme1/images/ui-icons_cc0000_256x240.html]
[thiepcuoi.gowedding.com.vn/themes/theme1/images/ui-icons_777777_256x240.html]
[thiepcuoi.gowedding.com.vn/themes/theme1/images/fancybox/fancybox_sprite.html]
[thiepcuoi.gowedding.com.vn/themes/theme1/images/fancybox/fancybox_loading.html]
[thiepcuoi.gowedding.com.vn/themes/theme1/images/fancybox/blank.html]
[thiepcuoi.gowedding.com.vn/themes/theme1/images/fancybox/fancybox_overlay.html]
[thiepcuoi.gowedding.com.vn/themes/theme1/images/fancybox/fancybox_sprite@2x.html]
[thiepcuoi.gowedding.com.vn/themes/theme1/images/fancybox/fancybox_loading@2x.html]
[thiepcuoi.gowedding.com.vn/themes/theme1/css/owl.video.play.html]
[thiepcuoi.gowedding.com.vn/themes/theme1/images/ajax-loader.html]
[thiepcuoi.gowedding.com.vn/themes/theme1/images/select-icon.html]
[thiepcuoi.gowedding.com.vn/themes/theme1/images/page-title.html]
[thiepcuoi.gowedding.com.vn/themes/theme1/images/bg-2.html]
[thiepcuoi.gowedding.com.vn/themes/theme1/images/Single-title-shape2.html]
[thiepcuoi.gowedding.com.vn/themes/theme1/images/slider/bg.html]
[thiepcuoi.gowedding.com.vn/themes/theme1/images/slider/slide-14.html]
[thiepcuoi.gowedding.com.vn/themes/theme1/images/slider/slide-15.html]
[thiepcuoi.gowedding.com.vn/themes/theme1/images/slider/frame2.html]
[thiepcuoi.gowedding.com.vn/themes/theme1/images/banner.html]
[thiepcuoi.gowedding.com.vn/themes/theme1/images/date.html]
[thiepcuoi.gowedding.com.vn/themes/theme1/images/couple/mask.html]
[thiepcuoi.gowedding.com.vn/themes/theme1/images/date2.html]
[thiepcuoi.gowedding.com.vn/themes/theme1/images/contact/bg.html]
[thiepcuoi.gowedding.com.vn/themes/theme1/images/offer.html]
[thiepcuoi.gowedding.com.vn/happy/no-slug/Version/index.html]
[thiepcuoi.gowedding.com.vn/happy/no-slug/version/index-2.html]
